
> barberflow-next@0.1.0 build
> next build

   Ôû▓ Next.js 16.0.10 (Turbopack)
   - Environments: .env.local

   Creating an optimized production build ...
node.exe : 
No linha:1 caractere:1
+ & "C:\Program Files\
nodejs/node.exe" 
"C:\Program 
Files\nodejs/node_mo 
...
+ ~~~~~~~~~~~~~~~~~~~~
~~~~~~~~~~~~~~~~~~~~~~
~~~~~~~~~~~~~~~~~~~~~~
~~~~~
    + CategoryInfo    
          : NotSpeci  
  fied: (:String) [   
 ], RemoteExceptio    
n
    + FullyQualifiedE 
   rrorId : NativeCo  
  mmandError
 
> Build error occurred
Error: Turbopack 
build failed with 8 
errors:
./src/modules/agenda/c
omponents/QueuePanel.t
sx
Reading source code 
for parsing failed
An unexpected error 
happened while trying 
to read the source 
code to parse: failed 
to convert rope into 
string

Caused by:
- invalid utf-8 
sequence of 1 bytes 
from index 8242

Import trace:
  Client Component 
SSR:
    ./src/modules/agen
da/components/QueuePan
el.tsx [Client 
Component SSR]
    ./src/modules/agen
da/Agenda.tsx [Client 
Component SSR]
    ./src/app/app/agen
da/page.tsx [Client 
Component SSR]
    ./src/app/app/agen
da/page.tsx [Server 
Component]


./src/modules/finance/
components/RegisterClo
sureModal.tsx
Reading source code 
for parsing failed
An unexpected error 
happened while trying 
to read the source 
code to parse: failed 
to convert rope into 
string

Caused by:
- invalid utf-8 
sequence of 1 bytes 
from index 554

Import trace:
  Client Component 
SSR:
    ./src/modules/fina
nce/components/Registe
rClosureModal.tsx 
[Client Component SSR]
    ./src/modules/fina
nce/Finance.tsx 
[Client Component SSR]
    ./src/app/app/fina
nce/page.tsx [Client 
Component SSR]
    ./src/app/app/fina
nce/page.tsx [Server 
Component]


./src/modules/settings
/modals/ProductModal.t
sx
Reading source code 
for parsing failed
An unexpected error 
happened while trying 
to read the source 
code to parse: failed 
to convert rope into 
string

Caused by:
- invalid utf-8 
sequence of 1 bytes 
from index 5413

Import trace:
  Client Component 
SSR:
    ./src/modules/sett
ings/modals/ProductMod
al.tsx [Client 
Component SSR]
    ./src/modules/cata
log/Catalog.tsx 
[Client Component SSR]
    ./src/app/app/cata
log/page.tsx [Client 
Component SSR]
    ./src/app/app/cata
log/page.tsx [Server 
Component]


./src/modules/settings
/modals/SupplierDetail
sModal.tsx
Reading source code 
for parsing failed
An unexpected error 
happened while trying 
to read the source 
code to parse: failed 
to convert rope into 
string

Caused by:
- invalid utf-8 
sequence of 1 bytes 
from index 7395

Import trace:
  Client Component 
SSR:
    ./src/modules/sett
ings/modals/SupplierDe
tailsModal.tsx 
[Client Component SSR]
    ./src/modules/cata
log/Catalog.tsx 
[Client Component SSR]
    ./src/app/app/cata
log/page.tsx [Client 
Component SSR]
    ./src/app/app/cata
log/page.tsx [Server 
Component]


./src/modules/agenda/A
genda.tsx:6:1
Module not found: 
Can't resolve './compo
nents/QueuePanel'
[0m [90m 4 |[39m 
[36mimport[39m [33m
React[39m[33m,[39m 
{ useState } 
[36mfrom[39m [32m'r
eact'[39m[33m;[39m
 [90m 5 |[39m 
[36mimport[39m { 
useBarber } 
[36mfrom[39m [32m'@
/context/BarberContext
'[39m[33m;[39m
[31m[1m>[22m[39m[
90m 6 |[39m 
[36mimport[39m { 
[33mQueuePanel[39m 
} [36mfrom[39m [32m
'./components/QueuePan
el'[39m[33m;[39m
 [90m   |[39m [31m
[1m^[22m[39m[31m[1
m^[22m[39m[31m[1m^
[22m[39m[31m[1m^[
22m[39m[31m[1m^[22
m[39m[31m[1m^[22m
[39m[31m[1m^[22m[3
9m[31m[1m^[22m[39m
[31m[1m^[22m[39m[
31m[1m^[22m[39m[31
m[1m^[22m[39m[31m
[1m^[22m[39m[31m[1
m^[22m[39m[31m[1m^
[22m[39m[31m[1m^[
22m[39m[31m[1m^[22
m[39m[31m[1m^[22m
[39m[31m[1m^[22m[3
9m[31m[1m^[22m[39m
[31m[1m^[22m[39m[
31m[1m^[22m[39m[31
m[1m^[22m[39m[31m
[1m^[22m[39m[31m[1
m^[22m[39m[31m[1m^
[22m[39m[31m[1m^[
22m[39m[31m[1m^[22
m[39m[31m[1m^[22m
[39m[31m[1m^[22m[3
9m[31m[1m^[22m[39m
[31m[1m^[22m[39m[
31m[1m^[22m[39m[31
m[1m^[22m[39m[31m
[1m^[22m[39m[31m[1
m^[22m[39m[31m[1m^
[22m[39m[31m[1m^[
22m[39m[31m[1m^[22
m[39m[31m[1m^[22m
[39m[31m[1m^[22m[3
9m[31m[1m^[22m[39m
[31m[1m^[22m[39m[
31m[1m^[22m[39m[31
m[1m^[22m[39m[31m
[1m^[22m[39m[31m[1
m^[22m[39m[31m[1m^
[22m[39m[31m[1m^[
22m[39m[31m[1m^[22
m[39m[31m[1m^[22m
[39m[31m[1m^[22m[3
9m[31m[1m^[22m[39m
[31m[1m^[22m[39m
 [90m 7 |[39m 
[36mimport[39m { [3
3mAppointmentDetailMod
al[39m } 
[36mfrom[39m [32m'.
/components/Appointmen
tDetailModal'[39m[33
m;[39m
 [90m 8 |[39m 
[36mimport[39m { [3
3mMonthlyCalendar[39m
 } [36mfrom[39m [32
m'./components/Monthly
Calendar'[39m[33m;[
39m
 [90m 9 |[39m 
[36mimport[39m { 
format[33m,[39m 
addDays[33m,[39m sta
rtOfToday[33m,[39m 
addMonths 
[36mas[39m addMonths
Fn[33m,[39m 
subMonths[33m,[39m 
isSameDay[33m,[39m 
[36mset[39m[33m,[39
m 
addMonths[33m,[39m 
getDay[33m,[39m 
addMinutes[33m,[39m 
areIntervalsOverlappin
g } [36mfrom[39m [3
2m'date-fns'[39m[33m
;[39m[0m

failed to convert 
rope into string

Caused by:
- invalid utf-8 
sequence of 1 bytes 
from index 8242

Debug info:
- Execution of 
<ModuleAssetContext 
as AssetContext>::proc
ess_resolve_result 
failed
- Execution of 
<ModuleAssetContext 
as AssetContext>::proc
ess failed
- failed to convert 
rope into string
- invalid utf-8 
sequence of 1 bytes 
from index 8242


Import traces:
  Client Component 
Browser:
    ./src/modules/agen
da/Agenda.tsx [Client 
Component Browser]
    ./src/app/app/agen
da/page.tsx [Client 
Component Browser]
    ./src/app/app/agen
da/page.tsx [Server 
Component]

  Client Component 
SSR:
    ./src/modules/agen
da/Agenda.tsx [Client 
Component SSR]
    ./src/app/app/agen
da/page.tsx [Client 
Component SSR]
    ./src/app/app/agen
da/page.tsx [Server 
Component]

https://nextjs.org/doc
s/messages/module-not-
found


./src/modules/finance/
Finance.tsx:7:1
Module not found: 
Can't resolve './compo
nents/RegisterClosureM
odal'
[0m [90m  5 |[39m 
[36mimport[39m { 
useFeatureGate } 
[36mfrom[39m [32m'@
/hooks/useFeatureGate'
[39m[33m;[39m
 [90m  6 |[39m 
[36mimport[39m { [3
3mExpenseQuickAdd[39m
 } [36mfrom[39m [32
m'./components/Expense
QuickAdd'[39m[33m;[
39m
[31m[1m>[22m[39m[
90m  7 |[39m 
[36mimport[39m { [3
3mRegisterClosureModal
[39m } 
[36mfrom[39m [32m'.
/components/RegisterCl
osureModal'[39m[33m;
[39m
 [90m    |[39m [31m
[1m^[22m[39m[31m[
1m^[22m[39m[31m[1m
^[22m[39m[31m[1m^
[22m[39m[31m[1m^[2
2m[39m[31m[1m^[22m
[39m[31m[1m^[22m[
39m[31m[1m^[22m[39
m[31m[1m^[22m[39m
[31m[1m^[22m[39m[3
1m[1m^[22m[39m[31m
[1m^[22m[39m[31m[
1m^[22m[39m[31m[1m
^[22m[39m[31m[1m^
[22m[39m[31m[1m^[2
2m[39m[31m[1m^[22m
[39m[31m[1m^[22m[
39m[31m[1m^[22m[39
m[31m[1m^[22m[39m
[31m[1m^[22m[39m[3
1m[1m^[22m[39m[31m
[1m^[22m[39m[31m[
1m^[22m[39m[31m[1m
^[22m[39m[31m[1m^
[22m[39m[31m[1m^[2
2m[39m[31m[1m^[22m
[39m[31m[1m^[22m[
39m[31m[1m^[22m[39
m[31m[1m^[22m[39m
[31m[1m^[22m[39m[3
1m[1m^[22m[39m[31m
[1m^[22m[39m[31m[
1m^[22m[39m[31m[1m
^[22m[39m[31m[1m^
[22m[39m[31m[1m^[2
2m[39m[31m[1m^[22m
[39m[31m[1m^[22m[
39m[31m[1m^[22m[39
m[31m[1m^[22m[39m
[31m[1m^[22m[39m[3
1m[1m^[22m[39m[31m
[1m^[22m[39m[31m[
1m^[22m[39m[31m[1m
^[22m[39m[31m[1m^
[22m[39m[31m[1m^[2
2m[39m[31m[1m^[22m
[39m[31m[1m^[22m[
39m[31m[1m^[22m[39
m[31m[1m^[22m[39m
[31m[1m^[22m[39m[3
1m[1m^[22m[39m[31m
[1m^[22m[39m[31m[
1m^[22m[39m[31m[1m
^[22m[39m[31m[1m^
[22m[39m[31m[1m^[2
2m[39m[31m[1m^[22m
[39m[31m[1m^[22m[
39m[31m[1m^[22m[39
m[31m[1m^[22m[39m
[31m[1m^[22m[39m[3
1m[1m^[22m[39m[31m
[1m^[22m[39m[31m[
1m^[22m[39m[31m[1m
^[22m[39m[31m[1m^
[22m[39m[31m[1m^[2
2m[39m[31m[1m^[22m
[39m[31m[1m^[22m[
39m
 [90m  8 |[39m 
[36mimport[39m { [3
3mPremiumFeatures[39m
 } [36mfrom[39m [32
m'./components/Premium
Features'[39m[33m;[
39m
 [90m  9 |[39m 
[36mimport[39m { [3
3mTrendingDown[39m[3
3m,[39m [33mTrash2[
39m[33m,[39m [33mLo
ck[39m[33m,[39m [3
3mActivity[39m[33m,
[39m [33mAlertTriangl
e[39m[33m,[39m [33
mLaptop2[39m[33m,[3
9m [33mCheckCircle2[
39m[33m,[39m [33mCr
own[39m[33m,[39m [
33mBriefcase[39m[33m
,[39m [33mHome[39m
[33m,[39m [33mWallet
[39m[33m,[39m [33m
LayoutDashboard[39m[
33m,[39m [33mReceipt
[39m[33m,[39m [33m
Users[39m[33m,[39m 
[33mCreditCard[39m[
33m,[39m [33mBanknot
e[39m[33m,[39m [33
mSmartphone[39m[33m,
[39m [33mPieChart[3
9m[33m,[39m [33mHan
dCoins[39m[33m,[39m
 [33mArrowRightCircle
[39m[33m,[39m [33m
CalendarClock[39m[33
m,[39m [33mLandmark
[39m[33m,[39m [33mC
alculator[39m[33m,[
39m [33mCalendarDays
[39m } [36mfrom[39m 
[32m'lucide-react'[3
9m[33m;[39m
 [90m 10 |[39m 
[36mimport[39m { 
format[33m,[39m 
isSameDay[33m,[39m 
isSameWeek[33m,[39m 
isSameMonth[33m,[39m
 startOfDay } 
[36mfrom[39m [32m'd
ate-fns'[39m[33m;[3
9m[0m

failed to convert 
rope into string

Caused by:
- invalid utf-8 
sequence of 1 bytes 
from index 554

Debug info:
- Execution of 
<ModuleAssetContext 
as AssetContext>::proc
ess_resolve_result 
failed
- Execution of 
<ModuleAssetContext 
as AssetContext>::proc
ess failed
- failed to convert 
rope into string
- invalid utf-8 
sequence of 1 bytes 
from index 554


Import traces:
  Client Component 
Browser:
    ./src/modules/fina
nce/Finance.tsx 
[Client Component 
Browser]
    ./src/app/app/fina
nce/page.tsx [Client 
Component Browser]
    ./src/app/app/fina
nce/page.tsx [Server 
Component]

  Client Component 
SSR:
    ./src/modules/fina
nce/Finance.tsx 
[Client Component SSR]
    ./src/app/app/fina
nce/page.tsx [Client 
Component SSR]
    ./src/app/app/fina
nce/page.tsx [Server 
Component]

https://nextjs.org/doc
s/messages/module-not-
found


./src/modules/catalog/
Catalog.tsx:7:1
Module not found: 
Can't resolve '@/modul
es/settings/modals/Pro
ductModal'
[0m [90m  5 |[39m 
[36mimport[39m { 
useBarber } 
[36mfrom[39m [32m'@
/context/BarberContext
'[39m[33m;[39m
 [90m  6 |[39m 
[36mimport[39m { 
useI18n } 
[36mfrom[39m [32m'@
/hooks/useI18n'[39m[
33m;[39m
[31m[1m>[22m[39m[
90m  7 |[39m 
[36mimport[39m { [3
3mProductModal[39m } 
[36mfrom[39m [32m'@
/modules/settings/moda
ls/ProductModal'[39m
[33m;[39m
 [90m    |[39m [31m
[1m^[22m[39m[31m[
1m^[22m[39m[31m[1m
^[22m[39m[31m[1m^
[22m[39m[31m[1m^[2
2m[39m[31m[1m^[22m
[39m[31m[1m^[22m[
39m[31m[1m^[22m[39
m[31m[1m^[22m[39m
[31m[1m^[22m[39m[3
1m[1m^[22m[39m[31m
[1m^[22m[39m[31m[
1m^[22m[39m[31m[1m
^[22m[39m[31m[1m^
[22m[39m[31m[1m^[2
2m[39m[31m[1m^[22m
[39m[31m[1m^[22m[
39m[31m[1m^[22m[39
m[31m[1m^[22m[39m
[31m[1m^[22m[39m[3
1m[1m^[22m[39m[31m
[1m^[22m[39m[31m[
1m^[22m[39m[31m[1m
^[22m[39m[31m[1m^
[22m[39m[31m[1m^[2
2m[39m[31m[1m^[22m
[39m[31m[1m^[22m[
39m[31m[1m^[22m[39
m[31m[1m^[22m[39m
[31m[1m^[22m[39m[3
1m[1m^[22m[39m[31m
[1m^[22m[39m[31m[
1m^[22m[39m[31m[1m
^[22m[39m[31m[1m^
[22m[39m[31m[1m^[2
2m[39m[31m[1m^[22m
[39m[31m[1m^[22m[
39m[31m[1m^[22m[39
m[31m[1m^[22m[39m
[31m[1m^[22m[39m[3
1m[1m^[22m[39m[31m
[1m^[22m[39m[31m[
1m^[22m[39m[31m[1m
^[22m[39m[31m[1m^
[22m[39m[31m[1m^[2
2m[39m[31m[1m^[22m
[39m[31m[1m^[22m[
39m[31m[1m^[22m[39
m[31m[1m^[22m[39m
[31m[1m^[22m[39m[3
1m[1m^[22m[39m[31m
[1m^[22m[39m[31m[
1m^[22m[39m[31m[1m
^[22m[39m[31m[1m^
[22m[39m[31m[1m^[2
2m[39m[31m[1m^[22m
[39m[31m[1m^[22m[
39m[31m[1m^[22m[39
m[31m[1m^[22m[39m
[31m[1m^[22m[39m[3
1m[1m^[22m[39m[31m
[1m^[22m[39m[31m[
1m^[22m[39m[31m[1m
^[22m[39m[31m[1m^
[22m[39m
 [90m  8 |[39m 
[36mimport[39m { [3
3mServiceModal[39m } 
[36mfrom[39m [32m'@
/modules/settings/moda
ls/ServiceModal'[39m
[33m;[39m
 [90m  9 |[39m 
[36mimport[39m { [3
3mInventoryModal[39m 
} [36mfrom[39m [32m
'@/modules/settings/mo
dals/InventoryModal'[
39m[33m;[39m
 [90m 10 |[39m 
[36mimport[39m { [3
3mSupplierModal[39m 
} [36mfrom[39m [32m
'@/modules/settings/mo
dals/SupplierModal'[3
9m[33m;[39m[0m

failed to convert 
rope into string

Caused by:
- invalid utf-8 
sequence of 1 bytes 
from index 5413

Debug info:
- Execution of 
<ModuleAssetContext 
as AssetContext>::proc
ess_resolve_result 
failed
- Execution of 
<ModuleAssetContext 
as AssetContext>::proc
ess failed
- failed to convert 
rope into string
- invalid utf-8 
sequence of 1 bytes 
from index 5413
Import map: aliased 
to relative './src/mod
ules/settings/modals/P
roductModal' inside 
of [project]/


Import traces:
  Client Component 
Browser:
    ./src/modules/cata
log/Catalog.tsx 
[Client Component 
Browser]
    ./src/app/app/cata
log/page.tsx [Client 
Component Browser]
    ./src/app/app/cata
log/page.tsx [Server 
Component]

  Client Component 
SSR:
    ./src/modules/cata
log/Catalog.tsx 
[Client Component SSR]
    ./src/app/app/cata
log/page.tsx [Client 
Component SSR]
    ./src/app/app/cata
log/page.tsx [Server 
Component]

https://nextjs.org/doc
s/messages/module-not-
found


./src/modules/catalog/
Catalog.tsx:11:1
Module not found: 
Can't resolve '@/modul
es/settings/modals/Sup
plierDetailsModal'
[0m [90m  9 |[39m 
[36mimport[39m { [3
3mInventoryModal[39m 
} [36mfrom[39m [32m
'@/modules/settings/mo
dals/InventoryModal'[
39m[33m;[39m
 [90m 10 |[39m 
[36mimport[39m { [3
3mSupplierModal[39m 
} [36mfrom[39m [32m
'@/modules/settings/mo
dals/SupplierModal'[3
9m[33m;[39m
[31m[1m>[22m[39m[
90m 11 |[39m 
[36mimport[39m { [3
3mSupplierDetailsModal
[39m } 
[36mfrom[39m [32m'@
/modules/settings/moda
ls/SupplierDetailsModa
l'[39m[33m;[39m
 [90m    |[39m [31m
[1m^[22m[39m[31m[
1m^[22m[39m[31m[1m
^[22m[39m[31m[1m^
[22m[39m[31m[1m^[2
2m[39m[31m[1m^[22m
[39m[31m[1m^[22m[
39m[31m[1m^[22m[39
m[31m[1m^[22m[39m
[31m[1m^[22m[39m[3
1m[1m^[22m[39m[31m
[1m^[22m[39m[31m[
1m^[22m[39m[31m[1m
^[22m[39m[31m[1m^
[22m[39m[31m[1m^[2
2m[39m[31m[1m^[22m
[39m[31m[1m^[22m[
39m[31m[1m^[22m[39
m[31m[1m^[22m[39m
[31m[1m^[22m[39m[3
1m[1m^[22m[39m[31m
[1m^[22m[39m[31m[
1m^[22m[39m[31m[1m
^[22m[39m[31m[1m^
[22m[39m[31m[1m^[2
2m[39m[31m[1m^[22m
[39m[31m[1m^[22m[
39m[31m[1m^[22m[39
m[31m[1m^[22m[39m
[31m[1m^[22m[39m[3
1m[1m^[22m[39m[31m
[1m^[22m[39m[31m[
1m^[22m[39m[31m[1m
^[22m[39m[31m[1m^
[22m[39m[31m[1m^[2
2m[39m[31m[1m^[22m
[39m[31m[1m^[22m[
39m[31m[1m^[22m[39
m[31m[1m^[22m[39m
[31m[1m^[22m[39m[3
1m[1m^[22m[39m[31m
[1m^[22m[39m[31m[
1m^[22m[39m[31m[1m
^[22m[39m[31m[1m^
[22m[39m[31m[1m^[2
2m[39m[31m[1m^[22m
[39m[31m[1m^[22m[
39m[31m[1m^[22m[39
m[31m[1m^[22m[39m
[31m[1m^[22m[39m[3
1m[1m^[22m[39m[31m
[1m^[22m[39m[31m[
1m^[22m[39m[31m[1m
^[22m[39m[31m[1m^
[22m[39m[31m[1m^[2
2m[39m[31m[1m^[22m
[39m[31m[1m^[22m[
39m[31m[1m^[22m[39
m[31m[1m^[22m[39m
[31m[1m^[22m[39m[3
1m[1m^[22m[39m[31m
[1m^[22m[39m[31m[
1m^[22m[39m[31m[1m
^[22m[39m[31m[1m^
[22m[39m[31m[1m^[2
2m[39m[31m[1m^[22m
[39m[31m[1m^[22m[
39m[31m[1m^[22m[39
m[31m[1m^[22m[39m
[31m[1m^[22m[39m[3
1m[1m^[22m[39m[31m
[1m^[22m[39m[31m[
1m^[22m[39m[31m[1m
^[22m[39m[31m[1m^
[22m[39m[31m[1m^[2
2m[39m[31m[1m^[22m
[39m[31m[1m^[22m[
39m[31m[1m^[22m[39
m[31m[1m^[22m[39m
 [90m 12 |[39m 
[36mimport[39m { [3
3mScissors[39m[33m,
[39m [33mPackage[39m
[33m,[39m [33mPlus
[39m[33m,[39m [33mE
dit2[39m[33m,[39m 
[33mTrash2[39m[33m,
[39m [33mArchive[39m
[33m,[39m [33mTruck
[39m[33m,[39m [33m
AlertTriangle[39m[33
m,[39m [33mArrowDown
Circle[39m[33m,[39m
 [33mEye[39m[33m,[
39m [33mTag[39m[33m
,[39m [33mHistory[3
9m[33m,[39m [33mDol
larSign[39m[33m,[39
m [33mBarChart3[39m
[33m,[39m [33mCalcul
ator[39m[33m,[39m 
[33mShoppingCart[39m
[33m,[39m [33mArrowR
ightCircle[39m[33m,
[39m [33mTrendingUp[
39m[33m,[39m 
[33mBookOpen[39m } 
[36mfrom[39m [32m'l
ucide-react'[39m[33m
;[39m
 [90m 13 |[39m 
[36mimport[39m { [3
3mServiceLibrary[39m 
} [36mfrom[39m [32m
'./components/ServiceL
ibrary'[39m[33m;[39
m
 [90m 14 |[39m 
[36mimport[39m { [3
3mService[39m[33m,[
39m [33mProduct[39m
[33m,[39m [33mInvent
oryItem[39m[33m,[39
m [33mSupplier[39m[
33m,[39m [33mCategor
yType[39m } 
[36mfrom[39m [32m'@
/types'[39m[33m;[39
m[0m

failed to convert 
rope into string

Caused by:
- invalid utf-8 
sequence of 1 bytes 
from index 7395

Debug info:
- Execution of 
<ModuleAssetContext 
as AssetContext>::proc
ess_resolve_result 
failed
- Execution of 
<ModuleAssetContext 
as AssetContext>::proc
ess failed
- failed to convert 
rope into string
- invalid utf-8 
sequence of 1 bytes 
from index 7395
Import map: aliased 
to relative './src/mod
ules/settings/modals/S
upplierDetailsModal' 
inside of [project]/


Import traces:
  Client Component 
Browser:
    ./src/modules/cata
log/Catalog.tsx 
[Client Component 
Browser]
    ./src/app/app/cata
log/page.tsx [Client 
Component Browser]
    ./src/app/app/cata
log/page.tsx [Server 
Component]

  Client Component 
SSR:
    ./src/modules/cata
log/Catalog.tsx 
[Client Component SSR]
    ./src/app/app/cata
log/page.tsx [Client 
Component SSR]
    ./src/app/app/cata
log/page.tsx [Server 
Component]

https://nextjs.org/doc
s/messages/module-not-
found


    at <unknown> (./sr
c/modules/agenda/Agend
a.tsx:6:1)
    at <unknown> (http
s://nextjs.org/docs/me
ssages/module-not-foun
d)
    at <unknown> (./sr
c/modules/finance/Fina
nce.tsx:7:1)
    at <unknown> (http
s://nextjs.org/docs/me
ssages/module-not-foun
d)
    at <unknown> (./sr
c/modules/catalog/Cata
log.tsx:7:1)
    at <unknown> (http
s://nextjs.org/docs/me
ssages/module-not-foun
d)
    at <unknown> (./sr
c/modules/catalog/Cata
log.tsx:11:1)
    at <unknown> (http
s://nextjs.org/docs/me
ssages/module-not-foun
d)
